// Jest Snapshot v1, https://goo.gl/fbAQLP

exports[`App renders 1`] = `
<div
  className="App"
>
  <div
    className="app_wrapper"
  >
    <nav
      className="navbar"
    >
      <span>
        To-Do-List
      </span>
    </nav>
    <div
      className="todo_form"
    >
      <form
        className="add_form"
        onSubmit={[Function]}
      >
        <input
          className="add_input"
          placeholder="할 일은?"
          type="text"
        />
        <button
          className="add_button"
          style={
            Object {
              "fontSize": "10px",
            }
          }
        >
          등록
        </button>
      </form>
      <ul>
        <li
          className="todo"
        >
          <span
            data-testid="todo-name"
          >
            코딩 스터디
          </span>
          <span
            data-testid="todo-count"
          >
            0
          </span>
          <div
            className="button_wrapper"
          >
            <button
              onClick={[Function]}
              title="increase"
            >
              +
            </button>
            <button
              onClick={[Function]}
              title="decrease"
            >
              -
            </button>
            <button
              onClick={[Function]}
              title="remove"
            >
              X
            </button>
          </div>
        </li>
        <li
          className="todo"
        >
          <span
            data-testid="todo-name"
          >
            배그 하기
          </span>
          <span
            data-testid="todo-count"
          >
            0
          </span>
          <div
            className="button_wrapper"
          >
            <button
              onClick={[Function]}
              title="increase"
            >
              +
            </button>
            <button
              onClick={[Function]}
              title="decrease"
            >
              -
            </button>
            <button
              onClick={[Function]}
              title="remove"
            >
              X
            </button>
          </div>
        </li>
        <li
          className="todo"
        >
          <span
            data-testid="todo-name"
          >
            홈트 하기
          </span>
          <span
            data-testid="todo-count"
          >
            1
          </span>
          <div
            className="button_wrapper"
          >
            <button
              onClick={[Function]}
              title="increase"
            >
              +
            </button>
            <button
              onClick={[Function]}
              title="decrease"
            >
              -
            </button>
            <button
              onClick={[Function]}
              title="remove"
            >
              X
            </button>
          </div>
        </li>
      </ul>
      <button
        onClick={[Function]}
      >
        Reset
      </button>
    </div>
  </div>
</div>
`;
